// Vitest Snapshot v1, https://vitest.dev/guide/snapshot.html

exports[`generates .d.ts and .d.ts.map 1`] = `
"declare const styles:
  & Readonly<{ "a": string }>
;
export default styles;
//# sourceMappingURL=./1.css.d.ts.map
"
`;

exports[`generates .d.ts and .d.ts.map 2`] = `"{"version":3,"sources":["./1.css"],"names":["a"],"mappings":"AAAA;AAAA,E,aAAAA,G,WAAA;AAAA;AAAA","file":"1.css.d.ts","sourceRoot":""}"`;

exports[`generates .d.ts and .d.ts.map 3`] = `
"declare const styles:
  & Readonly<{ "b": string }>
;
export default styles;
//# sourceMappingURL=./2.css.d.ts.map
"
`;

exports[`generates .d.ts and .d.ts.map 4`] = `"{"version":3,"sources":["./2.css"],"names":["b"],"mappings":"AAAA;AAAA,E,aAAAA,G,WAAA;AAAA;AAAA","file":"2.css.d.ts","sourceRoot":""}"`;

exports[`supports transformer 1`] = `
"declare const styles:
  & Readonly<{ "a": string }>
;
export default styles;
//# sourceMappingURL=./1.scss.d.ts.map
"
`;

exports[`supports transformer 2`] = `"{"version":3,"sources":["./1.scss"],"names":["a"],"mappings":"AAAA;AAAA,E,aAAAA,G,WAAA;AAAA;AAAA","file":"1.scss.d.ts","sourceRoot":""}"`;
